=====================
Add two integer

Args:
	a (int or float): The first integer of float
	b (int or float): The second integer or float. Default is 98.

Returns:
	 int: the addition of a and b

Raise:
	TypeError: if a or b is not an integer of float
>>> from importlib import import_module
>>> add_integer = import_module('0-add_integer').add_integer
>>> add_integer(1, 2)
3
>>> add_integer(100, -2)
98
>>> add_integer(2)
100
>>> add_integer(100.3, -2)
98
>>> add_integer(4, "School")
Traceback (most recent call last):
	...
TypeError: b must be an integer or float
>>> add_integer(None)
Traceback (most recent call last):
	...
TypeError: a must be an integer or float

